<green>TYPE           TOTAL                 ACTIVE                SIZE                  RECLAIMABLE</>

Images                0                     0                     0B                    0B
Containers            0                     0                     0B                    0B
Local Volumes         0                     0                     0B                    0B
Build Cache                                                       0B                    0B



