Volumes: 1 | Active filter: volume3                                                             
                                                                                                
â†“DRIVER       VOLUME NAME   
local          volume3        
            