Volumes: 5                          
                                    
â†“DRIVER       VOLUME NAME   
local1         volume5        
local1         volume4        
local2         volume3        
local2         volume2        
             