Volumes: 5                          
                                    
â†“DRIVER       VOLUME NAME   
local          volume1        
local          volume2        
local          volume3        
local          volume4        
            