Volumes: 0                          
                                    
â†“DRIVER       VOLUME NAME   