Volumes: 2                          
                                    
â†“DRIVER       VOLUME NAME   
local          volume1        
local          volume2        
            